./
./Code
./Code/C_CPP
./Code/Java
./Code/Python
./Code/Perl
./Code/Powershell
./Code/Bash
./Code/Batch
./Code/PHP
./Code/Javascript
./css
./public_html
./fonts
./img
./img/avatars
./img/flags
./js
./js/controllers
./js/demo
./js/views
./other
./other/code-3ed-master
./other/code-3ed-master/01_strings
./other/code-3ed-master/02_numbers
./other/code-3ed-master/03_datetime
./other/code-3ed-master/04_arrays
./other/code-3ed-master/05_variables
./other/code-3ed-master/06_functions
./other/code-3ed-master/07_objects
./other/code-3ed-master/08_fundamentals
./other/code-3ed-master/09_forms
./other/code-3ed-master/10_databases
./other/code-3ed-master/11_sessions
./other/code-3ed-master/12_xml
./other/code-3ed-master/13_rest-client
./other/code-3ed-master/14_rest-server
./other/code-3ed-master/15_automation
./other/code-3ed-master/16_services
./other/code-3ed-master/17_graphics
./other/code-3ed-master/18_security
./other/code-3ed-master/19_i18n
./other/code-3ed-master/20_errors
./other/code-3ed-master/21_engineering
./other/code-3ed-master/22_performance
./other/code-3ed-master/23_regex
./other/code-3ed-master/24_files
./other/code-3ed-master/25_directories
./other/code-3ed-master/26_cli
./other/code-3ed-master/27_packages
./other/css
./other/fonts
./other/img
./other/img/avatars
./other/img/flags
./other/js
./other/js/views
./other/Project
./other/Project/c
./other/Project/c/bin
./other/Project/c/etc
./other/Project/c/include
./other/Project/c/include/freetype2
./other/Project/c/include/freetype2/freetype
./other/Project/c/include/freetype2/freetype/config
./other/Project/c/include/GL
./other/Project/c/include/libexslt
./other/Project/c/include/libiberty
./other/Project/c/include/libpng16
./other/Project/c/include/libpq
./other/Project/c/include/libxml
./other/Project/c/include/libxslt
./other/Project/c/include/lzma
./other/Project/c/include/mysql50716
./other/Project/c/include/mysql50716/mysql
./other/Project/c/include/mysql50716/mysql/psi
./other/Project/c/include/openssl
./other/Project/c/include/postgresql
./other/Project/c/include/postgresql/internal
./other/Project/c/include/postgresql/internal/libpq
./other/Project/c/include/postgresql/server
./other/Project/c/include/postgresql/server/utils
./other/Project/c/include/X11
./other/Project/c/lib
./other/Project/c/lib/gcc
./other/Project/c/lib/gcc/x86_64-w64-mingw32
./other/Project/c/lib/gcc/x86_64-w64-mingw32/7.1.0
./other/Project/c/lib/gcc/x86_64-w64-mingw32/7.1.0/finclude
./other/Project/c/lib/gcc/x86_64-w64-mingw32/7.1.0/include
./other/Project/c/lib/gcc/x86_64-w64-mingw32/7.1.0/include/c++
./other/Project/c/lib/gcc/x86_64-w64-mingw32/7.1.0/include/c++/backward
./other/Project/c/lib/gcc/x86_64-w64-mingw32/7.1.0/include/c++/bits
./other/Project/c/lib/gcc/x86_64-w64-mingw32/7.1.0/include/c++/debug
./other/Project/c/lib/gcc/x86_64-w64-mingw32/7.1.0/include/c++/decimal
./other/Project/c/lib/gcc/x86_64-w64-mingw32/7.1.0/include/c++/experimental
./other/Project/c/lib/gcc/x86_64-w64-mingw32/7.1.0/include/c++/experimental/bits
./other/Project/c/lib/gcc/x86_64-w64-mingw32/7.1.0/include/c++/ext
./other/Project/c/lib/gcc/x86_64-w64-mingw32/7.1.0/include/c++/ext/pb_ds
./other/Project/c/lib/gcc/x86_64-w64-mingw32/7.1.0/include/c++/ext/pb_ds/detail
./other/Project/c/lib/gcc/x86_64-w64-mingw32/7.1.0/include/c++/ext/pb_ds/detail/binary_heap_
./other/Project/c/lib/gcc/x86_64-w64-mingw32/7.1.0/include/c++/ext/pb_ds/detail/binomial_heap_
./other/Project/c/lib/gcc/x86_64-w64-mingw32/7.1.0/include/c++/ext/pb_ds/detail/binomial_heap_base_
./other/Project/c/lib/gcc/x86_64-w64-mingw32/7.1.0/include/c++/ext/pb_ds/detail/bin_search_tree_
./other/Project/c/lib/gcc/x86_64-w64-mingw32/7.1.0/include/c++/ext/pb_ds/detail/branch_policy
./other/Project/c/lib/gcc/x86_64-w64-mingw32/7.1.0/include/c++/ext/pb_ds/detail/cc_hash_table_map_
./other/Project/c/lib/gcc/x86_64-w64-mingw32/7.1.0/include/c++/ext/pb_ds/detail/eq_fn
./other/Project/c/lib/gcc/x86_64-w64-mingw32/7.1.0/include/c++/ext/pb_ds/detail/gp_hash_table_map_
./other/Project/c/lib/gcc/x86_64-w64-mingw32/7.1.0/include/c++/ext/pb_ds/detail/hash_fn
./other/Project/c/lib/gcc/x86_64-w64-mingw32/7.1.0/include/c++/ext/pb_ds/detail/left_child_next_sibling_heap_
./other/Project/c/lib/gcc/x86_64-w64-mingw32/7.1.0/include/c++/ext/pb_ds/detail/list_update_map_
./other/Project/c/lib/gcc/x86_64-w64-mingw32/7.1.0/include/c++/ext/pb_ds/detail/list_update_policy
./other/Project/c/lib/gcc/x86_64-w64-mingw32/7.1.0/include/c++/ext/pb_ds/detail/ov_tree_map_
./other/Project/c/lib/gcc/x86_64-w64-mingw32/7.1.0/include/c++/ext/pb_ds/detail/pairing_heap_
./other/Project/c/lib/gcc/x86_64-w64-mingw32/7.1.0/include/c++/ext/pb_ds/detail/pat_trie_
./other/Project/c/lib/gcc/x86_64-w64-mingw32/7.1.0/include/c++/ext/pb_ds/detail/rb_tree_map_
./other/Project/c/lib/gcc/x86_64-w64-mingw32/7.1.0/include/c++/ext/pb_ds/detail/rc_binomial_heap_
./other/Project/c/lib/gcc/x86_64-w64-mingw32/7.1.0/include/c++/ext/pb_ds/detail/resize_policy
./other/Project/c/lib/gcc/x86_64-w64-mingw32/7.1.0/include/c++/ext/pb_ds/detail/splay_tree_
./other/Project/c/lib/gcc/x86_64-w64-mingw32/7.1.0/include/c++/ext/pb_ds/detail/thin_heap_
./other/Project/c/lib/gcc/x86_64-w64-mingw32/7.1.0/include/c++/ext/pb_ds/detail/tree_policy
./other/Project/c/lib/gcc/x86_64-w64-mingw32/7.1.0/include/c++/ext/pb_ds/detail/trie_policy
./other/Project/c/lib/gcc/x86_64-w64-mingw32/7.1.0/include/c++/ext/pb_ds/detail/unordered_iterator
./other/Project/c/lib/gcc/x86_64-w64-mingw32/7.1.0/include/c++/parallel
./other/Project/c/lib/gcc/x86_64-w64-mingw32/7.1.0/include/c++/profile
./other/Project/c/lib/gcc/x86_64-w64-mingw32/7.1.0/include/c++/profile/impl
./other/Project/c/lib/gcc/x86_64-w64-mingw32/7.1.0/include/c++/tr1
./other/Project/c/lib/gcc/x86_64-w64-mingw32/7.1.0/include/c++/tr2
./other/Project/c/lib/gcc/x86_64-w64-mingw32/7.1.0/include/c++/x86_64-w64-mingw32
./other/Project/c/lib/gcc/x86_64-w64-mingw32/7.1.0/include/c++/x86_64-w64-mingw32/bits
./other/Project/c/lib/gcc/x86_64-w64-mingw32/7.1.0/include/c++/x86_64-w64-mingw32/ext
./other/Project/c/lib/gcc/x86_64-w64-mingw32/7.1.0/include/ssp
./other/Project/c/lib/gcc/x86_64-w64-mingw32/7.1.0/include-fixed
./other/Project/c/lib/gcc/x86_64-w64-mingw32/7.1.0/install-tools
./other/Project/c/lib/gcc/x86_64-w64-mingw32/7.1.0/install-tools/include
./other/Project/c/lib/gcc/x86_64-w64-mingw32/lib
./other/Project/c/lib/pkgconfig
./other/Project/c/libexec
./other/Project/c/libexec/gcc
./other/Project/c/libexec/gcc/x86_64-w64-mingw32
./other/Project/c/libexec/gcc/x86_64-w64-mingw32/7.1.0
./other/Project/c/libexec/gcc/x86_64-w64-mingw32/7.1.0/install-tools
./other/Project/c/x86_64-w64-mingw32
./other/Project/c/x86_64-w64-mingw32/bin
./other/Project/c/x86_64-w64-mingw32/include
./other/Project/c/x86_64-w64-mingw32/include/CL
./other/Project/c/x86_64-w64-mingw32/include/ddk
./other/Project/c/x86_64-w64-mingw32/include/gdiplus
./other/Project/c/x86_64-w64-mingw32/include/GL
./other/Project/c/x86_64-w64-mingw32/include/psdk_inc
./other/Project/c/x86_64-w64-mingw32/include/sdks
./other/Project/c/x86_64-w64-mingw32/include/sec_api
./other/Project/c/x86_64-w64-mingw32/include/sec_api/sys
./other/Project/c/x86_64-w64-mingw32/include/sys
./other/Project/c/x86_64-w64-mingw32/include/wrl
./other/Project/c/x86_64-w64-mingw32/include/wrl/wrappers
./other/Project/c/x86_64-w64-mingw32/lib
./other/Project/c/x86_64-w64-mingw32/lib/ldscripts
./other/Project/css
./other/Project/fonts
./other/Project/img
./other/Project/img/avatars
./other/Project/img/flags
./other/Project/js
./other/Project/js/controllers
./other/Project/js/demo
./other/Project/js/views
./other/LinuxSystem
./other/NewSite
./other/Skins
./other/Skins/@Backup
./other/Skins/@Backup/File Browser
./other/Skins/Desktop
./other/Skins/Downloads
./other/Skins/Scripts
./other/scripts
./other/site
./other/site/Code
./other/site/Code/C_CPP
./other/site/Scripts
./other/site/Scripts/Lua
./other/site/Scripts/Lua/Rainmeter
./other/site/Scripts/Perl
./other/site/Scripts/Powershell
./other/site/Scripts/Bash
./other/site/Scripts/Batch
./other/site/UHD_Toolkit
./other/site/UHD_Toolkit/home
./other/site/UHD_Toolkit/home/boudreauxr2
./other/site/UHD_Toolkit/opt
./other/site/UHD_Toolkit/opt/Notepad++
./other/site/UHD_Toolkit/opt/Notepad++/themes
./other/site/UHD_Toolkit/opt/Qemu
./other/site/UHD_Toolkit/opt/Qemu/keymaps
./other/site/UHD_Toolkit/opt/Qemu/share
./other/site/UHD_Toolkit/opt/Qemu/share/locale
./other/site/UHD_Toolkit/opt/Qemu/share/locale/bg
./other/site/UHD_Toolkit/opt/Qemu/share/locale/bg/LC_MESSAGES
./other/site/UHD_Toolkit/opt/Qemu/share/locale/de_DE
./other/site/UHD_Toolkit/opt/Qemu/share/locale/de_DE/LC_MESSAGES
./other/site/UHD_Toolkit/opt/Qemu/share/locale/fr_FR
./other/site/UHD_Toolkit/opt/Qemu/share/locale/fr_FR/LC_MESSAGES
./other/site/UHD_Toolkit/opt/Qemu/share/locale/hu
./other/site/UHD_Toolkit/opt/Qemu/share/locale/hu/LC_MESSAGES
./other/site/UHD_Toolkit/opt/Qemu/share/locale/it
./other/site/UHD_Toolkit/opt/Qemu/share/locale/it/LC_MESSAGES
./other/site/UHD_Toolkit/opt/Qemu/share/locale/tr
./other/site/UHD_Toolkit/opt/Qemu/share/locale/tr/LC_MESSAGES
./other/site/UHD_Toolkit/opt/Qemu/share/locale/zh_CN
./other/site/UHD_Toolkit/opt/Qemu/share/locale/zh_CN/LC_MESSAGES
./other/site/UHD_Toolkit/opt/Rainmeter
./other/site/UHD_Toolkit/opt/Rainmeter/Addons
./other/site/UHD_Toolkit/opt/Rainmeter/Addons/CLWCP
./other/site/UHD_Toolkit/opt/Rainmeter/Addons/NirCmd
./other/site/UHD_Toolkit/opt/Rainmeter/Addons/Path2Ini
./other/site/UHD_Toolkit/opt/Rainmeter/Addons/RainRGB
./other/site/UHD_Toolkit/opt/Rainmeter/Defaults
./other/site/UHD_Toolkit/opt/Rainmeter/Defaults/Layouts
./other/site/UHD_Toolkit/opt/Rainmeter/Defaults/Layouts/illustro default
./other/site/UHD_Toolkit/opt/Rainmeter/Defaults/Skins
./other/site/UHD_Toolkit/opt/Rainmeter/Defaults/Skins/illustro
./other/site/UHD_Toolkit/opt/Rainmeter/Defaults/Skins/illustro/@Resources
./other/site/UHD_Toolkit/opt/Rainmeter/Defaults/Skins/illustro/Clock
./other/site/UHD_Toolkit/opt/Rainmeter/Defaults/Skins/illustro/Disk
./other/site/UHD_Toolkit/opt/Rainmeter/Defaults/Skins/illustro/Google
./other/site/UHD_Toolkit/opt/Rainmeter/Defaults/Skins/illustro/Network
./other/site/UHD_Toolkit/opt/Rainmeter/Defaults/Skins/illustro/Recycle Bin
./other/site/UHD_Toolkit/opt/Rainmeter/Defaults/Skins/illustro/System
./other/site/UHD_Toolkit/opt/Rainmeter/Defaults/Skins/illustro/Welcome
./other/site/UHD_Toolkit/opt/Rainmeter/Languages
./other/site/UHD_Toolkit/opt/Rainmeter/Layouts
./other/site/UHD_Toolkit/opt/Rainmeter/Layouts/@Backup
./other/site/UHD_Toolkit/opt/Rainmeter/Layouts/Blank
./other/site/UHD_Toolkit/opt/Rainmeter/Layouts/Enigma Basic
./other/site/UHD_Toolkit/opt/Rainmeter/Layouts/Enigma Blank
./other/site/UHD_Toolkit/opt/Rainmeter/Layouts/Enigma Preview
./other/site/UHD_Toolkit/opt/Rainmeter/Layouts/Glasses
./other/site/UHD_Toolkit/opt/Rainmeter/Layouts/System
./other/site/UHD_Toolkit/opt/Rainmeter/Plugins
./other/site/UHD_Toolkit/opt/Rainmeter/Skins
./other/site/UHD_Toolkit/opt/Rainmeter/Skins/Enigma
./other/site/UHD_Toolkit/opt/Rainmeter/Skins/Enigma/@Resources
./other/site/UHD_Toolkit/opt/Rainmeter/Skins/Enigma/@Resources/Addons
./other/site/UHD_Toolkit/opt/Rainmeter/Skins/Enigma/@Resources/Addons/FindWOEID
./other/site/UHD_Toolkit/opt/Rainmeter/Skins/Enigma/@Resources/Addons/RainFile
./other/site/UHD_Toolkit/opt/Rainmeter/Skins/Enigma/@Resources/Addons/RainRGB
./other/site/UHD_Toolkit/opt/Rainmeter/Skins/Enigma/@Resources/Images
./other/site/UHD_Toolkit/opt/Rainmeter/Skins/Enigma/@Resources/Images/Clock
./other/site/UHD_Toolkit/opt/Rainmeter/Skins/Enigma/@Resources/Images/Home
./other/site/UHD_Toolkit/opt/Rainmeter/Skins/Enigma/@Resources/Images/Launcher
./other/site/UHD_Toolkit/opt/Rainmeter/Skins/Enigma/@Resources/Images/Moon
./other/site/UHD_Toolkit/opt/Rainmeter/Skins/Enigma/@Resources/Images/MoxaWeather
./other/site/UHD_Toolkit/opt/Rainmeter/Skins/Enigma/@Resources/Images/Music
./other/site/UHD_Toolkit/opt/Rainmeter/Skins/Enigma/@Resources/Images/Search
./other/site/UHD_Toolkit/opt/Rainmeter/Skins/Enigma/@Resources/Images/Sidebar
./other/site/UHD_Toolkit/opt/Rainmeter/Skins/Enigma/@Resources/Images/Taskbar
./other/site/UHD_Toolkit/opt/Rainmeter/Skins/Enigma/@Resources/Measures
./other/site/UHD_Toolkit/opt/Rainmeter/Skins/Enigma/@Resources/Styles
./other/site/UHD_Toolkit/opt/Rainmeter/Skins/Enigma/@Resources/Styles/Enigma Dark
./other/site/UHD_Toolkit/opt/Rainmeter/Skins/Enigma/@Resources/Styles/Enigma Light
./other/site/UHD_Toolkit/opt/Rainmeter/Skins/Enigma/@Resources/User
./other/site/UHD_Toolkit/opt/Rainmeter/Skins/Enigma/@Resources/User/Calendars
./other/site/UHD_Toolkit/opt/Rainmeter/Skins/Enigma/@Resources/User/Notes
./other/site/UHD_Toolkit/opt/Rainmeter/Skins/Enigma/Options
./other/site/UHD_Toolkit/opt/Rainmeter/Skins/Enigma/Options/WeatherCodeFinder
./other/site/UHD_Toolkit/opt/Rainmeter/Skins/Enigma/Sidebar
./other/site/UHD_Toolkit/opt/Rainmeter/Skins/Enigma/Sidebar/_Sidebar2
./other/site/UHD_Toolkit/opt/Rainmeter/Skins/Enigma/Sidebar/Calendar
./other/site/UHD_Toolkit/opt/Rainmeter/Skins/Enigma/Sidebar/Clock
./other/site/UHD_Toolkit/opt/Rainmeter/Skins/Enigma/Sidebar/Gallery
./other/site/UHD_Toolkit/opt/Rainmeter/Skins/Enigma/Sidebar/Music
./other/site/UHD_Toolkit/opt/Rainmeter/Skins/Enigma/Sidebar/Network
./other/site/UHD_Toolkit/opt/Rainmeter/Skins/Enigma/Sidebar/Notes
./other/site/UHD_Toolkit/opt/Rainmeter/Skins/Enigma/Sidebar/Notes/Notes1
./other/site/UHD_Toolkit/opt/Rainmeter/Skins/Enigma/Sidebar/Notes/Notes2
./other/site/UHD_Toolkit/opt/Rainmeter/Skins/Enigma/Sidebar/Notes/Notes3
./other/site/UHD_Toolkit/opt/Rainmeter/Skins/Enigma/Sidebar/Process
./other/site/UHD_Toolkit/opt/Rainmeter/Skins/Enigma/Sidebar/Reader
./other/site/UHD_Toolkit/opt/Rainmeter/Skins/Enigma/Sidebar/Reader/Facebook
./other/site/UHD_Toolkit/opt/Rainmeter/Skins/Enigma/Sidebar/Reader/Gcal
./other/site/UHD_Toolkit/opt/Rainmeter/Skins/Enigma/Sidebar/Reader/Gmail
./other/site/UHD_Toolkit/opt/Rainmeter/Skins/Enigma/Sidebar/Reader/Reader1
./other/site/UHD_Toolkit/opt/Rainmeter/Skins/Enigma/Sidebar/Reader/Reader2
./other/site/UHD_Toolkit/opt/Rainmeter/Skins/Enigma/Sidebar/Reader/Reader3
./other/site/UHD_Toolkit/opt/Rainmeter/Skins/Enigma/Sidebar/Reader/RememberTheMilk
./other/site/UHD_Toolkit/opt/Rainmeter/Skins/Enigma/Sidebar/System
./other/site/UHD_Toolkit/opt/Rainmeter/Skins/Enigma/Sidebar/Volume
./other/site/UHD_Toolkit/opt/Rainmeter/Skins/Enigma/Sidebar/Weather
./other/site/UHD_Toolkit/opt/Rainmeter/Skins/Enigma/Sidebar/World
./other/site/UHD_Toolkit/opt/Rainmeter/Skins/Enigma/Sidebar/World/World1
./other/site/UHD_Toolkit/opt/Rainmeter/Skins/Enigma/Sidebar/World/World2
./other/site/UHD_Toolkit/opt/Rainmeter/Skins/Enigma/Sidebar/World/World3
./other/site/UHD_Toolkit/opt/Rainmeter/Skins/Enigma/Taskbar
./other/site/UHD_Toolkit/opt/Rainmeter/Skins/Enigma/Taskbar/_Extras
./other/site/UHD_Toolkit/opt/Rainmeter/Skins/Enigma/Taskbar/_Extras/_Template
./other/site/UHD_Toolkit/opt/Rainmeter/Skins/Enigma/Taskbar/_Extras/Clock+Location
./other/site/UHD_Toolkit/opt/Rainmeter/Skins/Enigma/Taskbar/_Extras/Date+Week
./other/site/UHD_Toolkit/opt/Rainmeter/Skins/Enigma/Taskbar/_Extras/Dock
./other/site/UHD_Toolkit/opt/Rainmeter/Skins/Enigma/Taskbar/_Extras/Dock/Menu
./other/site/UHD_Toolkit/opt/Rainmeter/Skins/Enigma/Taskbar/_Extras/TrayClock
./other/site/UHD_Toolkit/opt/Rainmeter/Skins/Enigma/Taskbar/_Taskbar2
./other/site/UHD_Toolkit/opt/Rainmeter/Skins/Enigma/Taskbar/Clock
./other/site/UHD_Toolkit/opt/Rainmeter/Skins/Enigma/Taskbar/Clock/Date
./other/site/UHD_Toolkit/opt/Rainmeter/Skins/Enigma/Taskbar/Clock/Week
./other/site/UHD_Toolkit/opt/Rainmeter/Skins/Enigma/Taskbar/Launcher
./other/site/UHD_Toolkit/opt/Rainmeter/Skins/Enigma/Taskbar/Launcher/Launcher1
./other/site/UHD_Toolkit/opt/Rainmeter/Skins/Enigma/Taskbar/Launcher/Launcher2
./other/site/UHD_Toolkit/opt/Rainmeter/Skins/Enigma/Taskbar/Launcher/Launcher3
./other/site/UHD_Toolkit/opt/Rainmeter/Skins/Enigma/Taskbar/Launcher/Launcher4
./other/site/UHD_Toolkit/opt/Rainmeter/Skins/Enigma/Taskbar/Launcher/Launcher5
./other/site/UHD_Toolkit/opt/Rainmeter/Skins/Enigma/Taskbar/Music
./other/site/UHD_Toolkit/opt/Rainmeter/Skins/Enigma/Taskbar/Network
./other/site/UHD_Toolkit/opt/Rainmeter/Skins/Enigma/Taskbar/Network/Download
./other/site/UHD_Toolkit/opt/Rainmeter/Skins/Enigma/Taskbar/Network/LAN
./other/site/UHD_Toolkit/opt/Rainmeter/Skins/Enigma/Taskbar/Network/Upload
./other/site/UHD_Toolkit/opt/Rainmeter/Skins/Enigma/Taskbar/Network/WAN
./other/site/UHD_Toolkit/opt/Rainmeter/Skins/Enigma/Taskbar/Network/WiFi
./other/site/UHD_Toolkit/opt/Rainmeter/Skins/Enigma/Taskbar/Reader
./other/site/UHD_Toolkit/opt/Rainmeter/Skins/Enigma/Taskbar/Reader/Facebook
./other/site/UHD_Toolkit/opt/Rainmeter/Skins/Enigma/Taskbar/Reader/Gcal
./other/site/UHD_Toolkit/opt/Rainmeter/Skins/Enigma/Taskbar/Reader/Gmail
./other/site/UHD_Toolkit/opt/Rainmeter/Skins/Enigma/Taskbar/Reader/Reader1
./other/site/UHD_Toolkit/opt/Rainmeter/Skins/Enigma/Taskbar/Reader/Reader2
./other/site/UHD_Toolkit/opt/Rainmeter/Skins/Enigma/Taskbar/Reader/Reader3
./other/site/UHD_Toolkit/opt/Rainmeter/Skins/Enigma/Taskbar/Reader/RememberTheMilk
./other/site/UHD_Toolkit/opt/Rainmeter/Skins/Enigma/Taskbar/Recycler
./other/site/UHD_Toolkit/opt/Rainmeter/Skins/Enigma/Taskbar/Search
./other/site/UHD_Toolkit/opt/Rainmeter/Skins/Enigma/Taskbar/Search/Run
./other/site/UHD_Toolkit/opt/Rainmeter/Skins/Enigma/Taskbar/Search/Search1
./other/site/UHD_Toolkit/opt/Rainmeter/Skins/Enigma/Taskbar/Search/Search2
./other/site/UHD_Toolkit/opt/Rainmeter/Skins/Enigma/Taskbar/Search/Search3
./other/site/UHD_Toolkit/opt/Rainmeter/Skins/Enigma/Taskbar/Search/Search4
./other/site/UHD_Toolkit/opt/Rainmeter/Skins/Enigma/Taskbar/Search/Search5
./other/site/UHD_Toolkit/opt/Rainmeter/Skins/Enigma/Taskbar/System
./other/site/UHD_Toolkit/opt/Rainmeter/Skins/Enigma/Taskbar/System/CoreTemp
./other/site/UHD_Toolkit/opt/Rainmeter/Skins/Enigma/Taskbar/System/CoreTemp/1
./other/site/UHD_Toolkit/opt/Rainmeter/Skins/Enigma/Taskbar/System/CoreTemp/2
./other/site/UHD_Toolkit/opt/Rainmeter/Skins/Enigma/Taskbar/System/CoreTemp/3
./other/site/UHD_Toolkit/opt/Rainmeter/Skins/Enigma/Taskbar/System/CoreTemp/4
./other/site/UHD_Toolkit/opt/Rainmeter/Skins/Enigma/Taskbar/System/CPU
./other/site/UHD_Toolkit/opt/Rainmeter/Skins/Enigma/Taskbar/System/Drive
./other/site/UHD_Toolkit/opt/Rainmeter/Skins/Enigma/Taskbar/System/Drive/Drive1
./other/site/UHD_Toolkit/opt/Rainmeter/Skins/Enigma/Taskbar/System/Drive/Drive2
./other/site/UHD_Toolkit/opt/Rainmeter/Skins/Enigma/Taskbar/System/Drive/Drive3
./other/site/UHD_Toolkit/opt/Rainmeter/Skins/Enigma/Taskbar/System/Power
./other/site/UHD_Toolkit/opt/Rainmeter/Skins/Enigma/Taskbar/System/RAM
./other/site/UHD_Toolkit/opt/Rainmeter/Skins/Enigma/Taskbar/System/SWAP
./other/site/UHD_Toolkit/opt/Rainmeter/Skins/Enigma/Taskbar/System/Uptime
./other/site/UHD_Toolkit/opt/Rainmeter/Skins/Enigma/Taskbar/Toggle
./other/site/UHD_Toolkit/opt/Rainmeter/Skins/Enigma/Taskbar/Volume
./other/site/UHD_Toolkit/opt/Rainmeter/Skins/Enigma/Taskbar/Weather
./other/site/UHD_Toolkit/opt/Rainmeter/Skins/Enigma/Taskbar/Weather/Location
./other/site/UHD_Toolkit/opt/Rainmeter/Skins/Enigma/Taskbar/Weather/Moon
./other/site/UHD_Toolkit/opt/Rainmeter/Skins/Enigma/Taskbar/Weather/Sunrise
./other/site/UHD_Toolkit/opt/Rainmeter/Skins/Enigma/Taskbar/Weather/Sunset
./other/site/UHD_Toolkit/opt/Rainmeter/Skins/Enigma/Taskbar/Weather/WeatherToday
./other/site/UHD_Toolkit/opt/Rainmeter/Skins/Enigma/Taskbar/Weather/WeatherTomorrow
./other/site/UHD_Toolkit/opt/Rainmeter/Skins/Enigma/Taskbar/World
./other/site/UHD_Toolkit/opt/Rainmeter/Skins/Enigma/Taskbar/World/World1
./other/site/UHD_Toolkit/opt/Rainmeter/Skins/Enigma/Taskbar/World/World2
./other/site/UHD_Toolkit/opt/Rainmeter/Skins/Enigma/Taskbar/World/World3
./other/site/UHD_Toolkit/opt/Rainmeter/Skins/File Browser
./other/site/UHD_Toolkit/opt/Rainmeter/Skins/File Browser/Desktop
./other/site/UHD_Toolkit/opt/Rainmeter/Skins/File Browser/Downloads
./other/site/UHD_Toolkit/opt/Rainmeter/Skins/File Browser/icons
./other/site/UHD_Toolkit/opt/Rainmeter/Skins/File Browser/Scripts
./other/site/UHD_Toolkit/opt/Rainmeter/Skins/File Browser/Toolkit
./other/site/UHD_Toolkit/opt/Rainmeter/Skins/Glasses
./other/site/UHD_Toolkit/opt/Rainmeter/Skins/Glasses/@Resources
./other/site/UHD_Toolkit/opt/Rainmeter/Skins/Glasses/@Resources/Fonts
./other/site/UHD_Toolkit/opt/Rainmeter/Skins/Glasses/@Resources/Images
./other/site/UHD_Toolkit/opt/Rainmeter/Skins/Glasses/@Resources/Images/MoonImages
./other/site/UHD_Toolkit/opt/Rainmeter/Skins/Glasses/@Resources/Images/WeatherIcons
./other/site/UHD_Toolkit/opt/Rainmeter/Skins/Glasses/@Resources/Language
./other/site/UHD_Toolkit/opt/Rainmeter/Skins/Glasses/@Resources/SampleSlideshow
./other/site/UHD_Toolkit/opt/Rainmeter/Skins/Glasses/@Resources/Sounds
./other/site/UHD_Toolkit/opt/Rainmeter/Skins/Glasses/GlassesCountdown
./other/site/UHD_Toolkit/opt/Rainmeter/Skins/Glasses/GlassesDrives
./other/site/UHD_Toolkit/opt/Rainmeter/Skins/Glasses/GlassesGmail
./other/site/UHD_Toolkit/opt/Rainmeter/Skins/Glasses/GlassesNetwork
./other/site/UHD_Toolkit/opt/Rainmeter/Skins/Glasses/GlassesNotes
./other/site/UHD_Toolkit/opt/Rainmeter/Skins/Glasses/GlassesPlayer
./other/site/UHD_Toolkit/opt/Rainmeter/Skins/Glasses/GlassesRecycleBin
./other/site/UHD_Toolkit/opt/Rainmeter/Skins/Glasses/GlassesRSS
./other/site/UHD_Toolkit/opt/Rainmeter/Skins/Glasses/GlassesSlideshow
./other/site/UHD_Toolkit/opt/Rainmeter/Skins/Glasses/GlassesSystem
./other/site/UHD_Toolkit/opt/Rainmeter/Skins/Glasses/GlassesTime
./other/site/UHD_Toolkit/opt/Rainmeter/Skins/Glasses/GlassesTimeZone
./other/site/UHD_Toolkit/opt/Rainmeter/Skins/Glasses/GlassesVCWeather2
./other/site/UHD_Toolkit/opt/Rainmeter/Skins/Glasses/GlassesVCWeather2/Horizontal
./other/site/UHD_Toolkit/opt/Rainmeter/Skins/Simplicity
./other/site/UHD_Toolkit/opt/Rainmeter/Skins/Simplicity/Bar
./other/site/UHD_Toolkit/opt/Rainmeter/Skins/Simplicity/Bar/1024-fillers
./other/site/UHD_Toolkit/opt/Rainmeter/Skins/Simplicity/Bar/1024-fillers/1 Piece Filler
./other/site/UHD_Toolkit/opt/Rainmeter/Skins/Simplicity/Bar/1024-fillers/2 Piece Filler
./other/site/UHD_Toolkit/opt/Rainmeter/Skins/Simplicity/Bar/1024-fillers/2 Piece Filler/1
./other/site/UHD_Toolkit/opt/Rainmeter/Skins/Simplicity/Bar/1024-fillers/2 Piece Filler/2
./other/site/UHD_Toolkit/opt/Rainmeter/Skins/Simplicity/Bar/1280-fillers
./other/site/UHD_Toolkit/opt/Rainmeter/Skins/Simplicity/Bar/1280-fillers/1 Piece Filler
./other/site/UHD_Toolkit/opt/Rainmeter/Skins/Simplicity/Bar/1280-fillers/2 Piece Filler
./other/site/UHD_Toolkit/opt/Rainmeter/Skins/Simplicity/Bar/1280-fillers/2 Piece Filler/1
./other/site/UHD_Toolkit/opt/Rainmeter/Skins/Simplicity/Bar/1280-fillers/2 Piece Filler/2
./other/site/UHD_Toolkit/opt/Rainmeter/Skins/Simplicity/Bar/1280-fillers/3 Piece Filler
./other/site/UHD_Toolkit/opt/Rainmeter/Skins/Simplicity/Bar/1280-fillers/3 Piece Filler/1
./other/site/UHD_Toolkit/opt/Rainmeter/Skins/Simplicity/Bar/1280-fillers/3 Piece Filler/2
./other/site/UHD_Toolkit/opt/Rainmeter/Skins/Simplicity/Bar/1280-fillers/3 Piece Filler/3
./other/site/UHD_Toolkit/opt/Rainmeter/Skins/Simplicity/Bar/Cpu Mem
./other/site/UHD_Toolkit/opt/Rainmeter/Skins/Simplicity/Bar/HDD
./other/site/UHD_Toolkit/opt/Rainmeter/Skins/Simplicity/Bar/Internet
./other/site/UHD_Toolkit/opt/Rainmeter/Skins/Simplicity/Bar/Player
./other/site/UHD_Toolkit/opt/Rainmeter/Skins/Simplicity/Bar/Time
./other/site/UHD_Toolkit/opt/Rainmeter/Skins/Simplicity/Fonts
./other/site/UHD_Toolkit/opt/Rainmeter/Skins/Simplicity/Sidebar
./other/site/UHD_Toolkit/opt/Rainmeter/Skins/Simplicity/Sidebar/Cpu Mem
./other/site/UHD_Toolkit/opt/Rainmeter/Skins/Simplicity/Sidebar/HDD
./other/site/UHD_Toolkit/opt/Rainmeter/Skins/Simplicity/Sidebar/Internet and Time
./other/site/UHD_Toolkit/opt/Rainmeter/Skins/Simplicity/Sidebar/Player
./other/site/UHD_Toolkit/opt/Scripts
./other/site/mysql
./other/site/css
./other/site/fonts
./other/site/img
./other/site/img/avatars
./other/site/img/flags
./other/site/js
./other/site/js/controllers
./other/site/js/demo
./other/site/js/views
./other/site/themes
./other/site/toolkit
./other/site/views
./other/site/views/components
./other/site/views/icons
./other/site/views/pages
./other/site/views/programs
./other/site/views/html_resources
./other/site/views/scripts
./other/site/views/snippits
./other/site/views/themes
./other/site/views/UHD_Toolkit
./other/site/snippits
./other/site/NewSite
./other/site/scripts
./other/snippits
./other/themes
./other/toolkit
./other/Tools
./other/Tools/ResourceHacker
./other/views
./other/views/components
./other/views/icons
./other/views/pages
./other/views/programs
./other/views/html_resources
./other/views/scripts
./other/views/snippits
./other/views/themes
./other/views/UHD_Toolkit
./other/views/code-3ed-master
./other/views/code-3ed-master/01_strings
./other/views/code-3ed-master/02_numbers
./other/views/code-3ed-master/03_datetime
./other/views/code-3ed-master/04_arrays
./other/views/code-3ed-master/05_variables
./other/views/code-3ed-master/06_functions
./other/views/code-3ed-master/07_objects
./other/views/code-3ed-master/08_fundamentals
./other/views/code-3ed-master/09_forms
./other/views/code-3ed-master/10_databases
./other/views/code-3ed-master/11_sessions
./other/views/code-3ed-master/12_xml
./other/views/code-3ed-master/13_rest-client
./other/views/code-3ed-master/14_rest-server
./other/views/code-3ed-master/15_automation
./other/views/code-3ed-master/16_services
./other/views/code-3ed-master/17_graphics
./other/views/code-3ed-master/18_security
./other/views/code-3ed-master/19_i18n
./other/views/code-3ed-master/20_errors
./other/views/code-3ed-master/21_engineering
./other/views/code-3ed-master/22_performance
./other/views/code-3ed-master/23_regex
./other/views/code-3ed-master/24_files
./other/views/code-3ed-master/25_directories
./other/views/code-3ed-master/26_cli
./other/views/code-3ed-master/27_packages
./other/views/css
./other/views/fonts
./other/views/img
./other/views/img/avatars
./other/views/img/flags
./other/views/js
./other/views/js/views
./other/views/NewSite
./other/views/toolkit
./other/views/Tools
./other/views/Tools/ResourceHacker
./other/html_resources
./Tools
./Tools/UHD_Toolkit
./Tools/UHD_Toolkit/UHD_Toolkit
./Tools/UHD_Toolkit/UHD_Toolkit/home
./Tools/UHD_Toolkit/UHD_Toolkit/home/boudreauxr2
./Tools/UHD_Toolkit/UHD_Toolkit/opt
./Tools/UHD_Toolkit/UHD_Toolkit/opt/Notepad++
./Tools/UHD_Toolkit/UHD_Toolkit/opt/Notepad++/themes
./Tools/UHD_Toolkit/UHD_Toolkit/opt/Qemu
./Tools/UHD_Toolkit/UHD_Toolkit/opt/Qemu/keymaps
./Tools/UHD_Toolkit/UHD_Toolkit/opt/Qemu/share
./Tools/UHD_Toolkit/UHD_Toolkit/opt/Qemu/share/locale
./Tools/UHD_Toolkit/UHD_Toolkit/opt/Qemu/share/locale/bg
./Tools/UHD_Toolkit/UHD_Toolkit/opt/Qemu/share/locale/bg/LC_MESSAGES
./Tools/UHD_Toolkit/UHD_Toolkit/opt/Qemu/share/locale/de_DE
./Tools/UHD_Toolkit/UHD_Toolkit/opt/Qemu/share/locale/de_DE/LC_MESSAGES
./Tools/UHD_Toolkit/UHD_Toolkit/opt/Qemu/share/locale/fr_FR
./Tools/UHD_Toolkit/UHD_Toolkit/opt/Qemu/share/locale/fr_FR/LC_MESSAGES
./Tools/UHD_Toolkit/UHD_Toolkit/opt/Qemu/share/locale/hu
./Tools/UHD_Toolkit/UHD_Toolkit/opt/Qemu/share/locale/hu/LC_MESSAGES
./Tools/UHD_Toolkit/UHD_Toolkit/opt/Qemu/share/locale/it
./Tools/UHD_Toolkit/UHD_Toolkit/opt/Qemu/share/locale/it/LC_MESSAGES
./Tools/UHD_Toolkit/UHD_Toolkit/opt/Qemu/share/locale/tr
./Tools/UHD_Toolkit/UHD_Toolkit/opt/Qemu/share/locale/tr/LC_MESSAGES
./Tools/UHD_Toolkit/UHD_Toolkit/opt/Qemu/share/locale/zh_CN
./Tools/UHD_Toolkit/UHD_Toolkit/opt/Qemu/share/locale/zh_CN/LC_MESSAGES
./Tools/UHD_Toolkit/UHD_Toolkit/opt/Rainmeter
./Tools/UHD_Toolkit/UHD_Toolkit/opt/Rainmeter/Addons
./Tools/UHD_Toolkit/UHD_Toolkit/opt/Rainmeter/Addons/CLWCP
./Tools/UHD_Toolkit/UHD_Toolkit/opt/Rainmeter/Addons/NirCmd
./Tools/UHD_Toolkit/UHD_Toolkit/opt/Rainmeter/Addons/Path2Ini
./Tools/UHD_Toolkit/UHD_Toolkit/opt/Rainmeter/Addons/RainRGB
./Tools/UHD_Toolkit/UHD_Toolkit/opt/Rainmeter/Defaults
./Tools/UHD_Toolkit/UHD_Toolkit/opt/Rainmeter/Defaults/Layouts
./Tools/UHD_Toolkit/UHD_Toolkit/opt/Rainmeter/Defaults/Layouts/illustro default
./Tools/UHD_Toolkit/UHD_Toolkit/opt/Rainmeter/Defaults/Skins
./Tools/UHD_Toolkit/UHD_Toolkit/opt/Rainmeter/Defaults/Skins/illustro
./Tools/UHD_Toolkit/UHD_Toolkit/opt/Rainmeter/Defaults/Skins/illustro/@Resources
./Tools/UHD_Toolkit/UHD_Toolkit/opt/Rainmeter/Defaults/Skins/illustro/Clock
./Tools/UHD_Toolkit/UHD_Toolkit/opt/Rainmeter/Defaults/Skins/illustro/Disk
./Tools/UHD_Toolkit/UHD_Toolkit/opt/Rainmeter/Defaults/Skins/illustro/Google
./Tools/UHD_Toolkit/UHD_Toolkit/opt/Rainmeter/Defaults/Skins/illustro/Network
./Tools/UHD_Toolkit/UHD_Toolkit/opt/Rainmeter/Defaults/Skins/illustro/Recycle Bin
./Tools/UHD_Toolkit/UHD_Toolkit/opt/Rainmeter/Defaults/Skins/illustro/System
./Tools/UHD_Toolkit/UHD_Toolkit/opt/Rainmeter/Defaults/Skins/illustro/Welcome
./Tools/UHD_Toolkit/UHD_Toolkit/opt/Rainmeter/Languages
./Tools/UHD_Toolkit/UHD_Toolkit/opt/Rainmeter/Layouts
./Tools/UHD_Toolkit/UHD_Toolkit/opt/Rainmeter/Layouts/@Backup
./Tools/UHD_Toolkit/UHD_Toolkit/opt/Rainmeter/Layouts/Blank
./Tools/UHD_Toolkit/UHD_Toolkit/opt/Rainmeter/Layouts/Enigma Basic
./Tools/UHD_Toolkit/UHD_Toolkit/opt/Rainmeter/Layouts/Enigma Blank
./Tools/UHD_Toolkit/UHD_Toolkit/opt/Rainmeter/Layouts/Enigma Preview
./Tools/UHD_Toolkit/UHD_Toolkit/opt/Rainmeter/Layouts/Glasses
./Tools/UHD_Toolkit/UHD_Toolkit/opt/Rainmeter/Layouts/System
./Tools/UHD_Toolkit/UHD_Toolkit/opt/Rainmeter/Plugins
./Tools/UHD_Toolkit/UHD_Toolkit/opt/Rainmeter/Skins
./Tools/UHD_Toolkit/UHD_Toolkit/opt/Rainmeter/Skins/Enigma
./Tools/UHD_Toolkit/UHD_Toolkit/opt/Rainmeter/Skins/Enigma/@Resources
./Tools/UHD_Toolkit/UHD_Toolkit/opt/Rainmeter/Skins/Enigma/@Resources/Addons
./Tools/UHD_Toolkit/UHD_Toolkit/opt/Rainmeter/Skins/Enigma/@Resources/Addons/FindWOEID
./Tools/UHD_Toolkit/UHD_Toolkit/opt/Rainmeter/Skins/Enigma/@Resources/Addons/RainFile
./Tools/UHD_Toolkit/UHD_Toolkit/opt/Rainmeter/Skins/Enigma/@Resources/Addons/RainRGB
./Tools/UHD_Toolkit/UHD_Toolkit/opt/Rainmeter/Skins/Enigma/@Resources/Images
./Tools/UHD_Toolkit/UHD_Toolkit/opt/Rainmeter/Skins/Enigma/@Resources/Images/Clock
./Tools/UHD_Toolkit/UHD_Toolkit/opt/Rainmeter/Skins/Enigma/@Resources/Images/Home
./Tools/UHD_Toolkit/UHD_Toolkit/opt/Rainmeter/Skins/Enigma/@Resources/Images/Launcher
./Tools/UHD_Toolkit/UHD_Toolkit/opt/Rainmeter/Skins/Enigma/@Resources/Images/Moon
./Tools/UHD_Toolkit/UHD_Toolkit/opt/Rainmeter/Skins/Enigma/@Resources/Images/MoxaWeather
./Tools/UHD_Toolkit/UHD_Toolkit/opt/Rainmeter/Skins/Enigma/@Resources/Images/Music
./Tools/UHD_Toolkit/UHD_Toolkit/opt/Rainmeter/Skins/Enigma/@Resources/Images/Search
./Tools/UHD_Toolkit/UHD_Toolkit/opt/Rainmeter/Skins/Enigma/@Resources/Images/Sidebar
./Tools/UHD_Toolkit/UHD_Toolkit/opt/Rainmeter/Skins/Enigma/@Resources/Images/Taskbar
./Tools/UHD_Toolkit/UHD_Toolkit/opt/Rainmeter/Skins/Enigma/@Resources/Measures
./Tools/UHD_Toolkit/UHD_Toolkit/opt/Rainmeter/Skins/Enigma/@Resources/Styles
./Tools/UHD_Toolkit/UHD_Toolkit/opt/Rainmeter/Skins/Enigma/@Resources/Styles/Enigma Dark
./Tools/UHD_Toolkit/UHD_Toolkit/opt/Rainmeter/Skins/Enigma/@Resources/Styles/Enigma Light
./Tools/UHD_Toolkit/UHD_Toolkit/opt/Rainmeter/Skins/Enigma/@Resources/User
./Tools/UHD_Toolkit/UHD_Toolkit/opt/Rainmeter/Skins/Enigma/@Resources/User/Calendars
./Tools/UHD_Toolkit/UHD_Toolkit/opt/Rainmeter/Skins/Enigma/@Resources/User/Notes
./Tools/UHD_Toolkit/UHD_Toolkit/opt/Rainmeter/Skins/Enigma/Options
./Tools/UHD_Toolkit/UHD_Toolkit/opt/Rainmeter/Skins/Enigma/Options/WeatherCodeFinder
./Tools/UHD_Toolkit/UHD_Toolkit/opt/Rainmeter/Skins/Enigma/Sidebar
./Tools/UHD_Toolkit/UHD_Toolkit/opt/Rainmeter/Skins/Enigma/Sidebar/_Sidebar2
./Tools/UHD_Toolkit/UHD_Toolkit/opt/Rainmeter/Skins/Enigma/Sidebar/Calendar
./Tools/UHD_Toolkit/UHD_Toolkit/opt/Rainmeter/Skins/Enigma/Sidebar/Clock
./Tools/UHD_Toolkit/UHD_Toolkit/opt/Rainmeter/Skins/Enigma/Sidebar/Gallery
./Tools/UHD_Toolkit/UHD_Toolkit/opt/Rainmeter/Skins/Enigma/Sidebar/Music
./Tools/UHD_Toolkit/UHD_Toolkit/opt/Rainmeter/Skins/Enigma/Sidebar/Network
./Tools/UHD_Toolkit/UHD_Toolkit/opt/Rainmeter/Skins/Enigma/Sidebar/Notes
./Tools/UHD_Toolkit/UHD_Toolkit/opt/Rainmeter/Skins/Enigma/Sidebar/Notes/Notes1
./Tools/UHD_Toolkit/UHD_Toolkit/opt/Rainmeter/Skins/Enigma/Sidebar/Notes/Notes2
./Tools/UHD_Toolkit/UHD_Toolkit/opt/Rainmeter/Skins/Enigma/Sidebar/Notes/Notes3
./Tools/UHD_Toolkit/UHD_Toolkit/opt/Rainmeter/Skins/Enigma/Sidebar/Process
./Tools/UHD_Toolkit/UHD_Toolkit/opt/Rainmeter/Skins/Enigma/Sidebar/Reader
./Tools/UHD_Toolkit/UHD_Toolkit/opt/Rainmeter/Skins/Enigma/Sidebar/Reader/Facebook
./Tools/UHD_Toolkit/UHD_Toolkit/opt/Rainmeter/Skins/Enigma/Sidebar/Reader/Gcal
./Tools/UHD_Toolkit/UHD_Toolkit/opt/Rainmeter/Skins/Enigma/Sidebar/Reader/Gmail
./Tools/UHD_Toolkit/UHD_Toolkit/opt/Rainmeter/Skins/Enigma/Sidebar/Reader/Reader1
./Tools/UHD_Toolkit/UHD_Toolkit/opt/Rainmeter/Skins/Enigma/Sidebar/Reader/Reader2
./Tools/UHD_Toolkit/UHD_Toolkit/opt/Rainmeter/Skins/Enigma/Sidebar/Reader/Reader3
./Tools/UHD_Toolkit/UHD_Toolkit/opt/Rainmeter/Skins/Enigma/Sidebar/Reader/RememberTheMilk
./Tools/UHD_Toolkit/UHD_Toolkit/opt/Rainmeter/Skins/Enigma/Sidebar/System
./Tools/UHD_Toolkit/UHD_Toolkit/opt/Rainmeter/Skins/Enigma/Sidebar/Volume
./Tools/UHD_Toolkit/UHD_Toolkit/opt/Rainmeter/Skins/Enigma/Sidebar/Weather
./Tools/UHD_Toolkit/UHD_Toolkit/opt/Rainmeter/Skins/Enigma/Sidebar/World
./Tools/UHD_Toolkit/UHD_Toolkit/opt/Rainmeter/Skins/Enigma/Sidebar/World/World1
./Tools/UHD_Toolkit/UHD_Toolkit/opt/Rainmeter/Skins/Enigma/Sidebar/World/World2
./Tools/UHD_Toolkit/UHD_Toolkit/opt/Rainmeter/Skins/Enigma/Sidebar/World/World3
./Tools/UHD_Toolkit/UHD_Toolkit/opt/Rainmeter/Skins/Enigma/Taskbar
./Tools/UHD_Toolkit/UHD_Toolkit/opt/Rainmeter/Skins/Enigma/Taskbar/_Extras
./Tools/UHD_Toolkit/UHD_Toolkit/opt/Rainmeter/Skins/Enigma/Taskbar/_Extras/_Template
./Tools/UHD_Toolkit/UHD_Toolkit/opt/Rainmeter/Skins/Enigma/Taskbar/_Extras/Clock+Location
./Tools/UHD_Toolkit/UHD_Toolkit/opt/Rainmeter/Skins/Enigma/Taskbar/_Extras/Date+Week
./Tools/UHD_Toolkit/UHD_Toolkit/opt/Rainmeter/Skins/Enigma/Taskbar/_Extras/Dock
./Tools/UHD_Toolkit/UHD_Toolkit/opt/Rainmeter/Skins/Enigma/Taskbar/_Extras/Dock/Menu
./Tools/UHD_Toolkit/UHD_Toolkit/opt/Rainmeter/Skins/Enigma/Taskbar/_Extras/TrayClock
./Tools/UHD_Toolkit/UHD_Toolkit/opt/Rainmeter/Skins/Enigma/Taskbar/_Taskbar2
./Tools/UHD_Toolkit/UHD_Toolkit/opt/Rainmeter/Skins/Enigma/Taskbar/Clock
./Tools/UHD_Toolkit/UHD_Toolkit/opt/Rainmeter/Skins/Enigma/Taskbar/Clock/Date
./Tools/UHD_Toolkit/UHD_Toolkit/opt/Rainmeter/Skins/Enigma/Taskbar/Clock/Week
./Tools/UHD_Toolkit/UHD_Toolkit/opt/Rainmeter/Skins/Enigma/Taskbar/Launcher
./Tools/UHD_Toolkit/UHD_Toolkit/opt/Rainmeter/Skins/Enigma/Taskbar/Launcher/Launcher1
./Tools/UHD_Toolkit/UHD_Toolkit/opt/Rainmeter/Skins/Enigma/Taskbar/Launcher/Launcher2
./Tools/UHD_Toolkit/UHD_Toolkit/opt/Rainmeter/Skins/Enigma/Taskbar/Launcher/Launcher3
./Tools/UHD_Toolkit/UHD_Toolkit/opt/Rainmeter/Skins/Enigma/Taskbar/Launcher/Launcher4
./Tools/UHD_Toolkit/UHD_Toolkit/opt/Rainmeter/Skins/Enigma/Taskbar/Launcher/Launcher5
./Tools/UHD_Toolkit/UHD_Toolkit/opt/Rainmeter/Skins/Enigma/Taskbar/Music
./Tools/UHD_Toolkit/UHD_Toolkit/opt/Rainmeter/Skins/Enigma/Taskbar/Network
./Tools/UHD_Toolkit/UHD_Toolkit/opt/Rainmeter/Skins/Enigma/Taskbar/Network/Download
./Tools/UHD_Toolkit/UHD_Toolkit/opt/Rainmeter/Skins/Enigma/Taskbar/Network/LAN
./Tools/UHD_Toolkit/UHD_Toolkit/opt/Rainmeter/Skins/Enigma/Taskbar/Network/Upload
./Tools/UHD_Toolkit/UHD_Toolkit/opt/Rainmeter/Skins/Enigma/Taskbar/Network/WAN
./Tools/UHD_Toolkit/UHD_Toolkit/opt/Rainmeter/Skins/Enigma/Taskbar/Network/WiFi
./Tools/UHD_Toolkit/UHD_Toolkit/opt/Rainmeter/Skins/Enigma/Taskbar/Reader
./Tools/UHD_Toolkit/UHD_Toolkit/opt/Rainmeter/Skins/Enigma/Taskbar/Reader/Facebook
./Tools/UHD_Toolkit/UHD_Toolkit/opt/Rainmeter/Skins/Enigma/Taskbar/Reader/Gcal
./Tools/UHD_Toolkit/UHD_Toolkit/opt/Rainmeter/Skins/Enigma/Taskbar/Reader/Gmail
./Tools/UHD_Toolkit/UHD_Toolkit/opt/Rainmeter/Skins/Enigma/Taskbar/Reader/Reader1
./Tools/UHD_Toolkit/UHD_Toolkit/opt/Rainmeter/Skins/Enigma/Taskbar/Reader/Reader2
./Tools/UHD_Toolkit/UHD_Toolkit/opt/Rainmeter/Skins/Enigma/Taskbar/Reader/Reader3
./Tools/UHD_Toolkit/UHD_Toolkit/opt/Rainmeter/Skins/Enigma/Taskbar/Reader/RememberTheMilk
./Tools/UHD_Toolkit/UHD_Toolkit/opt/Rainmeter/Skins/Enigma/Taskbar/Recycler
./Tools/UHD_Toolkit/UHD_Toolkit/opt/Rainmeter/Skins/Enigma/Taskbar/Search
./Tools/UHD_Toolkit/UHD_Toolkit/opt/Rainmeter/Skins/Enigma/Taskbar/Search/Run
./Tools/UHD_Toolkit/UHD_Toolkit/opt/Rainmeter/Skins/Enigma/Taskbar/Search/Search1
./Tools/UHD_Toolkit/UHD_Toolkit/opt/Rainmeter/Skins/Enigma/Taskbar/Search/Search2
./Tools/UHD_Toolkit/UHD_Toolkit/opt/Rainmeter/Skins/Enigma/Taskbar/Search/Search3
./Tools/UHD_Toolkit/UHD_Toolkit/opt/Rainmeter/Skins/Enigma/Taskbar/Search/Search4
./Tools/UHD_Toolkit/UHD_Toolkit/opt/Rainmeter/Skins/Enigma/Taskbar/Search/Search5
./Tools/UHD_Toolkit/UHD_Toolkit/opt/Rainmeter/Skins/Enigma/Taskbar/System
./Tools/UHD_Toolkit/UHD_Toolkit/opt/Rainmeter/Skins/Enigma/Taskbar/System/CoreTemp
./Tools/UHD_Toolkit/UHD_Toolkit/opt/Rainmeter/Skins/Enigma/Taskbar/System/CoreTemp/1
./Tools/UHD_Toolkit/UHD_Toolkit/opt/Rainmeter/Skins/Enigma/Taskbar/System/CoreTemp/2
./Tools/UHD_Toolkit/UHD_Toolkit/opt/Rainmeter/Skins/Enigma/Taskbar/System/CoreTemp/3
./Tools/UHD_Toolkit/UHD_Toolkit/opt/Rainmeter/Skins/Enigma/Taskbar/System/CoreTemp/4
./Tools/UHD_Toolkit/UHD_Toolkit/opt/Rainmeter/Skins/Enigma/Taskbar/System/CPU
./Tools/UHD_Toolkit/UHD_Toolkit/opt/Rainmeter/Skins/Enigma/Taskbar/System/Drive
./Tools/UHD_Toolkit/UHD_Toolkit/opt/Rainmeter/Skins/Enigma/Taskbar/System/Drive/Drive1
./Tools/UHD_Toolkit/UHD_Toolkit/opt/Rainmeter/Skins/Enigma/Taskbar/System/Drive/Drive2
./Tools/UHD_Toolkit/UHD_Toolkit/opt/Rainmeter/Skins/Enigma/Taskbar/System/Drive/Drive3
./Tools/UHD_Toolkit/UHD_Toolkit/opt/Rainmeter/Skins/Enigma/Taskbar/System/Power
./Tools/UHD_Toolkit/UHD_Toolkit/opt/Rainmeter/Skins/Enigma/Taskbar/System/RAM
./Tools/UHD_Toolkit/UHD_Toolkit/opt/Rainmeter/Skins/Enigma/Taskbar/System/SWAP
./Tools/UHD_Toolkit/UHD_Toolkit/opt/Rainmeter/Skins/Enigma/Taskbar/System/Uptime
./Tools/UHD_Toolkit/UHD_Toolkit/opt/Rainmeter/Skins/Enigma/Taskbar/Toggle
./Tools/UHD_Toolkit/UHD_Toolkit/opt/Rainmeter/Skins/Enigma/Taskbar/Volume
./Tools/UHD_Toolkit/UHD_Toolkit/opt/Rainmeter/Skins/Enigma/Taskbar/Weather
./Tools/UHD_Toolkit/UHD_Toolkit/opt/Rainmeter/Skins/Enigma/Taskbar/Weather/Location
./Tools/UHD_Toolkit/UHD_Toolkit/opt/Rainmeter/Skins/Enigma/Taskbar/Weather/Moon
./Tools/UHD_Toolkit/UHD_Toolkit/opt/Rainmeter/Skins/Enigma/Taskbar/Weather/Sunrise
./Tools/UHD_Toolkit/UHD_Toolkit/opt/Rainmeter/Skins/Enigma/Taskbar/Weather/Sunset
./Tools/UHD_Toolkit/UHD_Toolkit/opt/Rainmeter/Skins/Enigma/Taskbar/Weather/WeatherToday
./Tools/UHD_Toolkit/UHD_Toolkit/opt/Rainmeter/Skins/Enigma/Taskbar/Weather/WeatherTomorrow
./Tools/UHD_Toolkit/UHD_Toolkit/opt/Rainmeter/Skins/Enigma/Taskbar/World
./Tools/UHD_Toolkit/UHD_Toolkit/opt/Rainmeter/Skins/Enigma/Taskbar/World/World1
./Tools/UHD_Toolkit/UHD_Toolkit/opt/Rainmeter/Skins/Enigma/Taskbar/World/World2
./Tools/UHD_Toolkit/UHD_Toolkit/opt/Rainmeter/Skins/Enigma/Taskbar/World/World3
./Tools/UHD_Toolkit/UHD_Toolkit/opt/Rainmeter/Skins/File Browser
./Tools/UHD_Toolkit/UHD_Toolkit/opt/Rainmeter/Skins/File Browser/Desktop
./Tools/UHD_Toolkit/UHD_Toolkit/opt/Rainmeter/Skins/File Browser/Downloads
./Tools/UHD_Toolkit/UHD_Toolkit/opt/Rainmeter/Skins/File Browser/icons
./Tools/UHD_Toolkit/UHD_Toolkit/opt/Rainmeter/Skins/File Browser/Scripts
./Tools/UHD_Toolkit/UHD_Toolkit/opt/Rainmeter/Skins/File Browser/Toolkit
./Tools/UHD_Toolkit/UHD_Toolkit/opt/Rainmeter/Skins/Glasses
./Tools/UHD_Toolkit/UHD_Toolkit/opt/Rainmeter/Skins/Glasses/@Resources
./Tools/UHD_Toolkit/UHD_Toolkit/opt/Rainmeter/Skins/Glasses/@Resources/Fonts
./Tools/UHD_Toolkit/UHD_Toolkit/opt/Rainmeter/Skins/Glasses/@Resources/Images
./Tools/UHD_Toolkit/UHD_Toolkit/opt/Rainmeter/Skins/Glasses/@Resources/Images/MoonImages
./Tools/UHD_Toolkit/UHD_Toolkit/opt/Rainmeter/Skins/Glasses/@Resources/Images/WeatherIcons
./Tools/UHD_Toolkit/UHD_Toolkit/opt/Rainmeter/Skins/Glasses/@Resources/Language
./Tools/UHD_Toolkit/UHD_Toolkit/opt/Rainmeter/Skins/Glasses/@Resources/SampleSlideshow
./Tools/UHD_Toolkit/UHD_Toolkit/opt/Rainmeter/Skins/Glasses/@Resources/Sounds
./Tools/UHD_Toolkit/UHD_Toolkit/opt/Rainmeter/Skins/Glasses/GlassesCountdown
./Tools/UHD_Toolkit/UHD_Toolkit/opt/Rainmeter/Skins/Glasses/GlassesDrives
./Tools/UHD_Toolkit/UHD_Toolkit/opt/Rainmeter/Skins/Glasses/GlassesGmail
./Tools/UHD_Toolkit/UHD_Toolkit/opt/Rainmeter/Skins/Glasses/GlassesNetwork
./Tools/UHD_Toolkit/UHD_Toolkit/opt/Rainmeter/Skins/Glasses/GlassesNotes
./Tools/UHD_Toolkit/UHD_Toolkit/opt/Rainmeter/Skins/Glasses/GlassesPlayer
./Tools/UHD_Toolkit/UHD_Toolkit/opt/Rainmeter/Skins/Glasses/GlassesRecycleBin
./Tools/UHD_Toolkit/UHD_Toolkit/opt/Rainmeter/Skins/Glasses/GlassesRSS
./Tools/UHD_Toolkit/UHD_Toolkit/opt/Rainmeter/Skins/Glasses/GlassesSlideshow
./Tools/UHD_Toolkit/UHD_Toolkit/opt/Rainmeter/Skins/Glasses/GlassesSystem
./Tools/UHD_Toolkit/UHD_Toolkit/opt/Rainmeter/Skins/Glasses/GlassesTime
./Tools/UHD_Toolkit/UHD_Toolkit/opt/Rainmeter/Skins/Glasses/GlassesTimeZone
./Tools/UHD_Toolkit/UHD_Toolkit/opt/Rainmeter/Skins/Glasses/GlassesVCWeather2
./Tools/UHD_Toolkit/UHD_Toolkit/opt/Rainmeter/Skins/Glasses/GlassesVCWeather2/Horizontal
./Tools/UHD_Toolkit/UHD_Toolkit/opt/Rainmeter/Skins/Simplicity
./Tools/UHD_Toolkit/UHD_Toolkit/opt/Rainmeter/Skins/Simplicity/Bar
./Tools/UHD_Toolkit/UHD_Toolkit/opt/Rainmeter/Skins/Simplicity/Bar/1024-fillers
./Tools/UHD_Toolkit/UHD_Toolkit/opt/Rainmeter/Skins/Simplicity/Bar/1024-fillers/1 Piece Filler
./Tools/UHD_Toolkit/UHD_Toolkit/opt/Rainmeter/Skins/Simplicity/Bar/1024-fillers/2 Piece Filler
./Tools/UHD_Toolkit/UHD_Toolkit/opt/Rainmeter/Skins/Simplicity/Bar/1024-fillers/2 Piece Filler/1
./Tools/UHD_Toolkit/UHD_Toolkit/opt/Rainmeter/Skins/Simplicity/Bar/1024-fillers/2 Piece Filler/2
./Tools/UHD_Toolkit/UHD_Toolkit/opt/Rainmeter/Skins/Simplicity/Bar/1280-fillers
./Tools/UHD_Toolkit/UHD_Toolkit/opt/Rainmeter/Skins/Simplicity/Bar/1280-fillers/1 Piece Filler
./Tools/UHD_Toolkit/UHD_Toolkit/opt/Rainmeter/Skins/Simplicity/Bar/1280-fillers/2 Piece Filler
./Tools/UHD_Toolkit/UHD_Toolkit/opt/Rainmeter/Skins/Simplicity/Bar/1280-fillers/2 Piece Filler/1
./Tools/UHD_Toolkit/UHD_Toolkit/opt/Rainmeter/Skins/Simplicity/Bar/1280-fillers/2 Piece Filler/2
./Tools/UHD_Toolkit/UHD_Toolkit/opt/Rainmeter/Skins/Simplicity/Bar/1280-fillers/3 Piece Filler
./Tools/UHD_Toolkit/UHD_Toolkit/opt/Rainmeter/Skins/Simplicity/Bar/1280-fillers/3 Piece Filler/1
./Tools/UHD_Toolkit/UHD_Toolkit/opt/Rainmeter/Skins/Simplicity/Bar/1280-fillers/3 Piece Filler/2
./Tools/UHD_Toolkit/UHD_Toolkit/opt/Rainmeter/Skins/Simplicity/Bar/1280-fillers/3 Piece Filler/3
./Tools/UHD_Toolkit/UHD_Toolkit/opt/Rainmeter/Skins/Simplicity/Bar/Cpu Mem
./Tools/UHD_Toolkit/UHD_Toolkit/opt/Rainmeter/Skins/Simplicity/Bar/HDD
./Tools/UHD_Toolkit/UHD_Toolkit/opt/Rainmeter/Skins/Simplicity/Bar/Internet
./Tools/UHD_Toolkit/UHD_Toolkit/opt/Rainmeter/Skins/Simplicity/Bar/Player
./Tools/UHD_Toolkit/UHD_Toolkit/opt/Rainmeter/Skins/Simplicity/Bar/Time
./Tools/UHD_Toolkit/UHD_Toolkit/opt/Rainmeter/Skins/Simplicity/Fonts
./Tools/UHD_Toolkit/UHD_Toolkit/opt/Rainmeter/Skins/Simplicity/Sidebar
./Tools/UHD_Toolkit/UHD_Toolkit/opt/Rainmeter/Skins/Simplicity/Sidebar/Cpu Mem
./Tools/UHD_Toolkit/UHD_Toolkit/opt/Rainmeter/Skins/Simplicity/Sidebar/HDD
./Tools/UHD_Toolkit/UHD_Toolkit/opt/Rainmeter/Skins/Simplicity/Sidebar/Internet and Time
./Tools/UHD_Toolkit/UHD_Toolkit/opt/Rainmeter/Skins/Simplicity/Sidebar/Player
./Tools/UHD_Toolkit/UHD_Toolkit/opt/Scripts
./Tools/JFLAP
./Tools/Ace
./Tools/Ace/api
./Tools/Ace/api/resources
./Tools/Ace/api/resources/csses
./Tools/Ace/api/resources/font
./Tools/Ace/api/resources/images
./Tools/Ace/api/resources/javascripts
./Tools/Ace/build
./Tools/Ace/build_support
./Tools/Ace/demo
./Tools/Ace/demo/kitchen-sink
./Tools/Ace/demo/kitchen-sink/docs
./Tools/Ace/demo/r.js
./Tools/Ace/demo/static-highlighter
./Tools/Ace/doc
./Tools/Ace/doc/site
./Tools/Ace/doc/site/images
./Tools/Ace/doc/site/js
./Tools/Ace/doc/template
./Tools/Ace/doc/template/jade
./Tools/Ace/doc/template/resources
./Tools/Ace/doc/template/resources/csses
./Tools/Ace/doc/template/resources/font
./Tools/Ace/doc/template/resources/images
./Tools/Ace/doc/template/resources/javascripts
./Tools/Ace/doc/wiki
./Tools/Ace/experiments
./Tools/Ace/lib
./Tools/Ace/lib/ace
./Tools/Ace/lib/ace/autocomplete
./Tools/Ace/lib/ace/commands
./Tools/Ace/lib/ace/css
./Tools/Ace/lib/ace/edit_session
./Tools/Ace/lib/ace/ext
./Tools/Ace/lib/ace/ext/beautify
./Tools/Ace/lib/ace/ext/menu_tools
./Tools/Ace/lib/ace/keyboard
./Tools/Ace/lib/ace/layer
./Tools/Ace/lib/ace/lib
./Tools/Ace/lib/ace/mode
./Tools/Ace/lib/ace/mode/behaviour
./Tools/Ace/lib/ace/mode/coffee
./Tools/Ace/lib/ace/mode/css
./Tools/Ace/lib/ace/mode/folding
./Tools/Ace/lib/ace/mode/html
./Tools/Ace/lib/ace/mode/javascript
./Tools/Ace/lib/ace/mode/json
./Tools/Ace/lib/ace/mode/lua
./Tools/Ace/lib/ace/mode/php
./Tools/Ace/lib/ace/mode/xml
./Tools/Ace/lib/ace/mode/xquery
./Tools/Ace/lib/ace/mode/_test
./Tools/Ace/lib/ace/model
./Tools/Ace/lib/ace/mouse
./Tools/Ace/lib/ace/requirejs
./Tools/Ace/lib/ace/snippets
./Tools/Ace/lib/ace/test
./Tools/Ace/lib/ace/test/asyncjs
./Tools/Ace/lib/ace/theme
./Tools/Ace/lib/ace/worker
./Tools/Ace/tool
./Tools/Ace/tool/templates
./Tools/Ace/tool/tmthemes
./views
./views/components
./views/icons
./views/pages
